version https://git-lfs.github.com/spec/v1
oid sha256:938ca9dd4fd6f0f1630617ad44b06ad0ac30a2823cec24ee10bb24ab911793d4
size 4134
