version https://git-lfs.github.com/spec/v1
oid sha256:323ba4df30636bb371bcad9df2cb74a5c42106b7fab5f983b37f1348cc096872
size 147471
